// Vitest Snapshot v1, https://vitest.dev/guide/snapshot.html

exports[`LobeOpenAI > models > should get models 1`] = `
[
  {
    "contextWindowTokens": undefined,
    "description": "通用语音识别模型，支持多语言语音识别、语音翻译和语言识别。",
    "displayName": "Whisper",
    "enabled": false,
    "functionCall": false,
    "id": "whisper-1",
    "maxOutput": undefined,
    "reasoning": false,
    "releasedAt": "2023-02-27",
    "type": "stt",
    "vision": false,
  },
  {
    "contextWindowTokens": undefined,
    "description": "",
    "displayName": "davinci-002",
    "enabled": false,
    "functionCall": false,
    "id": "davinci-002",
    "maxOutput": undefined,
    "reasoning": false,
    "releasedAt": "2023-08-21",
    "type": "chat",
    "vision": false,
  },
  {
    "contextWindowTokens": 16384,
    "description": "GPT 3.5 Turbo，适用于各种文本生成和理解任务，Currently points to gpt-3.5-turbo-0125",
    "displayName": "GPT-3.5 Turbo",
    "enabled": false,
    "functionCall": true,
    "id": "gpt-3.5-turbo",
    "maxOutput": undefined,
    "reasoning": false,
    "releasedAt": "2023-02-28",
    "type": "chat",
    "vision": false,
  },
  {
    "contextWindowTokens": undefined,
    "description": "第二代 DALL·E 模型，支持更真实、准确的图像生成，分辨率是第一代的4倍",
    "displayName": "DALL·E 2",
    "enabled": false,
    "functionCall": false,
    "id": "dall-e-2",
    "maxOutput": undefined,
    "parameters": {
      "imageUrl": {
        "default": null,
      },
      "prompt": {
        "default": "",
      },
      "size": {
        "default": "1024x1024",
        "enum": [
          "256x256",
          "512x512",
          "1024x1024",
        ],
      },
    },
    "reasoning": false,
    "releasedAt": "2023-11-01",
    "type": "image",
    "vision": false,
  },
  {
    "contextWindowTokens": undefined,
    "description": "",
    "displayName": "gpt-3.5-turbo-16k",
    "enabled": false,
    "functionCall": false,
    "id": "gpt-3.5-turbo-16k",
    "maxOutput": undefined,
    "reasoning": false,
    "releasedAt": "2023-05-10",
    "type": "chat",
    "vision": false,
  },
  {
    "contextWindowTokens": undefined,
    "description": "",
    "displayName": "tts-1-hd-1106",
    "enabled": false,
    "functionCall": false,
    "id": "tts-1-hd-1106",
    "maxOutput": undefined,
    "reasoning": false,
    "releasedAt": "2023-11-03",
    "type": "chat",
    "vision": false,
  },
  {
    "contextWindowTokens": undefined,
    "description": "最新的文本转语音模型，针对质量进行优化",
    "displayName": "TTS-1 HD",
    "enabled": false,
    "functionCall": false,
    "id": "tts-1-hd",
    "maxOutput": undefined,
    "reasoning": false,
    "releasedAt": "2023-11-03",
    "type": "tts",
    "vision": false,
  },
  {
    "contextWindowTokens": undefined,
    "description": "",
    "displayName": "gpt-3.5-turbo-16k-0613",
    "enabled": false,
    "functionCall": false,
    "id": "gpt-3.5-turbo-16k-0613",
    "maxOutput": undefined,
    "reasoning": false,
    "releasedAt": "2023-05-30",
    "type": "chat",
    "vision": false,
  },
  {
    "contextWindowTokens": 8192,
    "description": "最强大的向量化模型，适用于英文和非英文任务",
    "displayName": "Text Embedding 3 Large",
    "enabled": false,
    "functionCall": false,
    "id": "text-embedding-3-large",
    "maxOutput": undefined,
    "reasoning": false,
    "releasedAt": "2024-01-22",
    "type": "embedding",
    "vision": false,
  },
  {
    "contextWindowTokens": undefined,
    "description": "",
    "displayName": "gpt-4-1106-vision-preview",
    "enabled": false,
    "functionCall": false,
    "id": "gpt-4-1106-vision-preview",
    "maxOutput": undefined,
    "reasoning": false,
    "releasedAt": "2024-03-26",
    "type": "chat",
    "vision": false,
  },
  {
    "contextWindowTokens": undefined,
    "description": "",
    "displayName": "gpt-3.5-turbo-instruct-0914",
    "enabled": false,
    "functionCall": false,
    "id": "gpt-3.5-turbo-instruct-0914",
    "maxOutput": undefined,
    "reasoning": false,
    "releasedAt": "2023-09-07",
    "type": "chat",
    "vision": false,
  },
  {
    "contextWindowTokens": 128000,
    "description": "最新的 GPT-4 Turbo 模型具备视觉功能。现在，视觉请求可以使用 JSON 模式和函数调用。 GPT-4 Turbo 是一个增强版本，为多模态任务提供成本效益高的支持。它在准确性和效率之间找到平衡，适合需要进行实时交互的应用程序场景。",
    "displayName": "GPT-4 Turbo Preview 0125",
    "enabled": false,
    "functionCall": true,
    "id": "gpt-4-0125-preview",
    "maxOutput": undefined,
    "reasoning": false,
    "releasedAt": "2024-01-23",
    "type": "chat",
    "vision": false,
  },
  {
    "contextWindowTokens": 128000,
    "description": "最新的 GPT-4 Turbo 模型具备视觉功能。现在，视觉请求可以使用 JSON 模式和函数调用。 GPT-4 Turbo 是一个增强版本，为多模态任务提供成本效益高的支持。它在准确性和效率之间找到平衡，适合需要进行实时交互的应用程序场景。",
    "displayName": "GPT-4 Turbo Preview",
    "enabled": false,
    "functionCall": true,
    "id": "gpt-4-turbo-preview",
    "maxOutput": undefined,
    "reasoning": false,
    "releasedAt": "2024-01-23",
    "type": "chat",
    "vision": false,
  },
  {
    "contextWindowTokens": 4096,
    "description": "GPT 3.5 Turbo，适用于各种文本生成和理解任务，对指令遵循的优化",
    "displayName": "GPT-3.5 Turbo Instruct",
    "enabled": false,
    "functionCall": false,
    "id": "gpt-3.5-turbo-instruct",
    "maxOutput": undefined,
    "reasoning": false,
    "releasedAt": "2023-08-24",
    "type": "chat",
    "vision": false,
  },
  {
    "contextWindowTokens": undefined,
    "description": "",
    "displayName": "gpt-3.5-turbo-0301",
    "enabled": false,
    "functionCall": false,
    "id": "gpt-3.5-turbo-0301",
    "maxOutput": undefined,
    "reasoning": false,
    "releasedAt": "2023-03-01",
    "type": "chat",
    "vision": false,
  },
  {
    "contextWindowTokens": undefined,
    "description": "",
    "displayName": "gpt-3.5-turbo-0613",
    "enabled": false,
    "functionCall": false,
    "id": "gpt-3.5-turbo-0613",
    "maxOutput": undefined,
    "reasoning": false,
    "releasedAt": "2023-06-12",
    "type": "chat",
    "vision": false,
  },
  {
    "contextWindowTokens": undefined,
    "description": "最新的文本转语音模型，针对实时场景优化速度",
    "displayName": "TTS-1",
    "enabled": false,
    "functionCall": false,
    "id": "tts-1",
    "maxOutput": undefined,
    "reasoning": false,
    "releasedAt": "2023-04-19",
    "type": "tts",
    "vision": false,
  },
  {
    "contextWindowTokens": undefined,
    "description": "最新的 DALL·E 模型，于2023年11月发布。支持更真实、准确的图像生成，具有更强的细节表现力",
    "displayName": "DALL·E 3",
    "enabled": false,
    "functionCall": false,
    "id": "dall-e-3",
    "maxOutput": undefined,
    "parameters": {
      "prompt": {
        "default": "",
      },
      "size": {
        "default": "1024x1024",
        "enum": [
          "1024x1024",
          "1792x1024",
          "1024x1792",
        ],
      },
    },
    "reasoning": false,
    "releasedAt": "2023-10-31",
    "type": "image",
    "vision": false,
  },
  {
    "contextWindowTokens": 16384,
    "description": "GPT 3.5 Turbo，适用于各种文本生成和理解任务，Currently points to gpt-3.5-turbo-0125",
    "displayName": "GPT-3.5 Turbo 1106",
    "enabled": false,
    "functionCall": true,
    "id": "gpt-3.5-turbo-1106",
    "maxOutput": undefined,
    "reasoning": false,
    "releasedAt": "2023-11-02",
    "type": "chat",
    "vision": false,
  },
  {
    "contextWindowTokens": 128000,
    "description": "最新的 GPT-4 Turbo 模型具备视觉功能。现在，视觉请求可以使用 JSON 模式和函数调用。 GPT-4 Turbo 是一个增强版本，为多模态任务提供成本效益高的支持。它在准确性和效率之间找到平衡，适合需要进行实时交互的应用程序场景。",
    "displayName": "GPT-4 Turbo Preview 1106",
    "enabled": false,
    "functionCall": true,
    "id": "gpt-4-1106-preview",
    "maxOutput": undefined,
    "reasoning": false,
    "releasedAt": "2023-11-02",
    "type": "chat",
    "vision": false,
  },
  {
    "contextWindowTokens": undefined,
    "description": "",
    "displayName": "babbage-002",
    "enabled": false,
    "functionCall": false,
    "id": "babbage-002",
    "maxOutput": undefined,
    "reasoning": false,
    "releasedAt": "2023-08-21",
    "type": "chat",
    "vision": false,
  },
  {
    "contextWindowTokens": undefined,
    "description": "",
    "displayName": "tts-1-1106",
    "enabled": false,
    "functionCall": false,
    "id": "tts-1-1106",
    "maxOutput": undefined,
    "reasoning": false,
    "releasedAt": "2023-11-03",
    "type": "chat",
    "vision": false,
  },
  {
    "contextWindowTokens": 128000,
    "description": "GPT-4 视觉预览版，专为图像分析和处理任务设计。",
    "displayName": "GPT 4 Turbo with Vision Preview",
    "enabled": false,
    "functionCall": false,
    "id": "gpt-4-vision-preview",
    "maxOutput": undefined,
    "reasoning": false,
    "releasedAt": "2023-11-02",
    "type": "chat",
    "vision": true,
  },
  {
    "contextWindowTokens": 8192,
    "description": "高效且经济的新一代 Embedding 模型，适用于知识检索、RAG 应用等场景",
    "displayName": "Text Embedding 3 Small",
    "enabled": false,
    "functionCall": false,
    "id": "text-embedding-3-small",
    "maxOutput": undefined,
    "reasoning": false,
    "releasedAt": "2024-01-22",
    "type": "embedding",
    "vision": false,
  },
  {
    "contextWindowTokens": 8192,
    "description": "GPT-4 提供了一个更大的上下文窗口，能够处理更长的文本输入，适用于需要广泛信息整合和数据分析的场景。",
    "displayName": "GPT-4",
    "enabled": false,
    "functionCall": true,
    "id": "gpt-4",
    "maxOutput": undefined,
    "reasoning": false,
    "releasedAt": "2023-06-27",
    "type": "chat",
    "vision": false,
  },
  {
    "contextWindowTokens": undefined,
    "description": "",
    "displayName": "text-embedding-ada-002",
    "enabled": false,
    "functionCall": false,
    "id": "text-embedding-ada-002",
    "maxOutput": undefined,
    "reasoning": false,
    "releasedAt": "2022-12-16",
    "type": "chat",
    "vision": false,
  },
  {
    "contextWindowTokens": 16384,
    "description": "GPT 3.5 Turbo，适用于各种文本生成和理解任务，Currently points to gpt-3.5-turbo-0125",
    "displayName": "GPT-3.5 Turbo 0125",
    "enabled": false,
    "functionCall": true,
    "id": "gpt-3.5-turbo-0125",
    "maxOutput": undefined,
    "reasoning": false,
    "releasedAt": "2024-01-23",
    "type": "chat",
    "vision": false,
  },
  {
    "contextWindowTokens": 8192,
    "description": "GPT-4 提供了一个更大的上下文窗口，能够处理更长的文本输入，适用于需要广泛信息整合和数据分析的场景。",
    "displayName": "GPT-4 0613",
    "enabled": false,
    "functionCall": true,
    "id": "gpt-4-0613",
    "maxOutput": undefined,
    "reasoning": false,
    "releasedAt": "2023-06-12",
    "type": "chat",
    "vision": false,
  },
]
`;
